../Core/Src/LCD.c:17:6:_send_byte	16	static
../Core/Src/LCD.c:29:6:_write_nibble	16	static
../Core/Src/LCD.c:44:6:lcd_stm32_write	16	static
../Core/Src/LCD.c:47:6:lcd_stm32_command	16	static
../Core/Src/LCD.c:52:6:lcd_stm32_init	8	static
../Core/Src/LCD.c:75:7:lcd_stm32_puts	16	static
../Core/Src/LCD.c:82:6:lcd_stm32_set_cursor	16	static
../Core/Src/LCD.c:87:6:lcd_stm32_printf	16	static
../Core/Src/LCD.c:97:6:lcd_stm32_clear	8	static
../Core/Src/LCD.c:101:6:lcd_stm32_return_home	8	static
../Core/Src/LCD.c:106:6:lcd_stm32_on	8	static
../Core/Src/LCD.c:111:6:lcd_stm32_off	8	static
../Core/Src/LCD.c:117:6:lcd_stm32_enable_blink	8	static
../Core/Src/LCD.c:122:6:lcd_stm32_disable_blink	8	static
../Core/Src/LCD.c:128:6:lcd_stm32_enable_cursor	8	static
../Core/Src/LCD.c:133:6:lcd_stm32_disable_cursor	8	static
../Core/Src/LCD.c:139:6:lcd_stm32_scroll_left	8	static
../Core/Src/LCD.c:143:6:lcd_stm32_scroll_right	8	static
../Core/Src/LCD.c:148:6:lcd_stm32_custom_char	24	static
../Core/Src/LCD.c:157:6:lcd_stm32_out	16	static
../Core/Src/LCD.c:164:6:lcd_stm32_char	16	static
